---
source: arc-script-test/compile/src/insta.rs
expression: s
input_file: arc-script-test/compile/src/tests/expect_pass/nested_if.arc

---
fun test(): i32 {
    val a_i32: i32 = 65;
    val b_i32: i32 = 66;
    val c_i32: i32 = 67;
    val true_bool: bool = true;
    val false_bool: bool = false;
    if true_bool {
        a_i32
    } else {
        if false_bool {
            b_i32
        } else {
            c_i32
        }
    }
}

