---
source: arc-script-test/compile/src/insta.rs
expression: s
input_file: arc-script-test/compile/src/tests/expect_mlir_fail_todo/extern_state_update.arc

---
extern type Cell(x: i32) {
    fun get(): i32, 
    fun set(x: i32): unit
}
task Stateful(init: i32) ~i32 by i32 -> ~i32 by i32 {
    val state: crate::Cell[i32] = crate::Cell(init);
    
    extern fun update(v: i32): i32;
    on event by key => emit update(state.get()) by key;
    
}

