---
source: arc-script-test/compile/src/insta.rs
expression: s
input_file: arc-script-test/compile/src/tests/expect_pass/enum_pattern_nested.arc

---
enum Baz { Some(i32), None }
enum Foo { Bar(Baz), None }
fun main() {
    if val Foo::Bar(Baz::Some(x)) = Foo::Bar(Baz::Some(5)) {
        unit
    }
}

