---
source: arc-script-test/compile/src/insta.rs
expression: s
input_file: arc-script-test/compile/src/tests/expect_pass/pattern.arc

---
fun main() {
    val ((a, b), (c, d)) = ((1, 2), (3, 4));
    
}

