---
source: arc-script-test/compile/src/insta.rs
expression: s
input_file: arc-script-test/compile/src/tests/expect_mlir_fail_todo/task_id_untagged.arc

---
task Identity() ~i32 by i32 -> ~i32 by i32 {
    on event => emit event;
    
}

