---
source: arc-script-test/compile/src/insta.rs
expression: s
input_file: arc-script-test/compile/src/tests/expect_pass/lambda.arc

---

