---
source: arc-script-test/compile/src/insta.rs
expression: s
input_file: arc-script-test/compile/src/tests/expect_pass/basic_pipe.arc

---
fun x_1(x_2: i32): i32 {
    val x_3: i32 = 1;
    val x_4: i32 = x_2 + x_3;
    x_4
}
fun x_6(x_7: i32): i32 {
    val x_8: i32 = 1;
    val x_9: i32 = x_7 - x_8;
    x_9
}
fun test(): i32 {
    val x_0: i32 = 3;
    val x_5: fun(i32): i32 = crate::x_1;
    val x_A: fun(i32): i32 = crate::x_6;
    val x_B: i32 = x_5(x_0);
    val x_C: i32 = x_A(x_B);
    x_C
}

