---
source: arc-script-test/compile/src/insta.rs
expression: s
input_file: arc-script-test/compile/src/tests/expect_pass/path.arc

---
fun main(): unit {
    val x_0: i32 = 1;
    val x_1: unit = unit;
    x_1
}

