---
source: arc-script-test/compile/src/insta.rs
expression: s
input_file: arc-script-test/compile/src/tests/expect_mlir_fail_todo/extern_type_cell.arc

---
extern type Cell(x: i32) {
    extern fun set(x: i32): unit;, 
    extern fun get(): i32;
}
fun main(): unit {
    val x_0: fun(i32): crate::Cell = crate::Cell;
    val x_1: i32 = 5;
    val x_2: crate::Cell = x_0(x_1);
    val x_3: i32 = x_2.get();
    val x_4: i32 = x_3 + x_3;
    val x_5: unit = x_2.set(x_4);
    val x_6: unit = unit;
    x_6
}

